<!DOCTYPE html>
<html lang="en">
<head>
    <meta charset="UTF-8">
    <title>Redirecting...</title>
</head>
<body>
<script type="text/javascript">
    window.location.href = "my-view/index_1.html";
</script>
</body>
</html>